D:\RelayServer\my_Surveillance\coding\src\server\RelayServer\QTFileLib\QTHintTrack.cpp|D:\RelayServer\my_Surveillance\coding\src\server\RelayServer\QTFileLib\Restore.1\~QTHintTrack.~cpp
D:\RelayServer\my_Surveillance\coding\src\server\RelayServer\QTFileLib\QTAtom_hinf.h|D:\RelayServer\my_Surveillance\coding\src\server\RelayServer\QTFileLib\Restore.1\~QTAtom_hinf.~h
D:\RelayServer\my_Surveillance\coding\src\server\RelayServer\QTFileLib\QTHintTrack.h|D:\RelayServer\my_Surveillance\coding\src\server\RelayServer\QTFileLib\Restore.1\~QTHintTrack.~h
D:\RelayServer\my_Surveillance\coding\src\server\RelayServer\QTFileLib\QTAtom_tkhd.cpp|D:\RelayServer\my_Surveillance\coding\src\server\RelayServer\QTFileLib\Restore.1\~QTAtom_tkhd.~cpp
D:\RelayServer\my_Surveillance\coding\src\server\RelayServer\QTFileLib\QTAtom_stco.cpp|D:\RelayServer\my_Surveillance\coding\src\server\RelayServer\QTFileLib\Restore.1\~QTAtom_stco.~cpp
D:\RelayServer\my_Surveillance\coding\src\server\RelayServer\QTFileLib\QTAtom_mvhd.cpp|D:\RelayServer\my_Surveillance\coding\src\server\RelayServer\QTFileLib\Restore.1\~QTAtom_mvhd.~cpp
D:\RelayServer\my_Surveillance\coding\src\server\RelayServer\QTFileLib\QTAtom_elst.cpp|D:\RelayServer\my_Surveillance\coding\src\server\RelayServer\QTFileLib\Restore.1\~QTAtom_elst.~cpp
D:\RelayServer\my_Surveillance\coding\src\server\RelayServer\CommonUtilitiesLib\DateTranslator.h|D:\RelayServer\my_Surveillance\coding\src\server\RelayServer\CommonUtilitiesLib\Restore.1\~DateTranslator.~h
D:\RelayServer\my_Surveillance\coding\src\server\RelayServer\CommonUtilitiesLib\OSCond.h|D:\RelayServer\my_Surveillance\coding\src\server\RelayServer\CommonUtilitiesLib\Restore.1\~OSCond.~h
D:\RelayServer\my_Surveillance\coding\src\server\RelayServer\CommonUtilitiesLib\OSThread.h|D:\RelayServer\my_Surveillance\coding\src\server\RelayServer\CommonUtilitiesLib\Restore.1\~OSThread.~h
D:\RelayServer\my_Surveillance\coding\src\server\RelayServer\CommonUtilitiesLib\StrPtrLen.h|D:\RelayServer\my_Surveillance\coding\src\server\RelayServer\CommonUtilitiesLib\Restore.1\~StrPtrLen.~h
D:\RelayServer\my_Surveillance\coding\src\server\RelayServer\CommonUtilitiesLib\OS.h|D:\RelayServer\my_Surveillance\coding\src\server\RelayServer\CommonUtilitiesLib\Restore.1\~OS.~h
D:\RelayServer\my_Surveillance\coding\src\server\RelayServer\CommonUtilitiesLib\OSQueue.h|D:\RelayServer\my_Surveillance\coding\src\server\RelayServer\CommonUtilitiesLib\Restore.1\~OSQueue.~h
D:\RelayServer\my_Surveillance\coding\src\server\RelayServer\QTFileLib\QTAtom_stco.h|D:\RelayServer\my_Surveillance\coding\src\server\RelayServer\QTFileLib\Restore.1\~QTAtom_stco.~h
D:\RelayServer\my_Surveillance\coding\src\server\RelayServer\CommonUtilitiesLib\OSFileSource.h|D:\RelayServer\my_Surveillance\coding\src\server\RelayServer\CommonUtilitiesLib\Restore.1\~OSFileSource.~h
D:\RelayServer\my_Surveillance\coding\src\server\RelayServer\QTFileLib\QTFile.cpp|D:\RelayServer\my_Surveillance\coding\src\server\RelayServer\QTFileLib\Restore.1\~QTFile.~cpp
D:\RelayServer\my_Surveillance\coding\src\server\RelayServer\QTFileLib\QTAtom_stts.cpp|D:\RelayServer\my_Surveillance\coding\src\server\RelayServer\QTFileLib\Restore.1\~QTAtom_stts.~cpp
D:\RelayServer\my_Surveillance\coding\src\server\RelayServer\QTFileLib\QTAtom_mdhd.cpp|D:\RelayServer\my_Surveillance\coding\src\server\RelayServer\QTFileLib\Restore.1\~QTAtom_mdhd.~cpp
D:\RelayServer\my_Surveillance\coding\src\server\RelayServer\QTFileLib\QTAtom.cpp|D:\RelayServer\my_Surveillance\coding\src\server\RelayServer\QTFileLib\Restore.1\~QTAtom.~cpp
D:\RelayServer\my_Surveillance\coding\src\server\RelayServer\QTFileLib\QTAtom_dref.h|D:\RelayServer\my_Surveillance\coding\src\server\RelayServer\QTFileLib\Restore.1\~QTAtom_dref.~h
D:\RelayServer\my_Surveillance\coding\src\server\RelayServer\QTFileLib\QTRTPFile.h|D:\RelayServer\my_Surveillance\coding\src\server\RelayServer\QTFileLib\Restore.1\~QTRTPFile.~h
D:\RelayServer\my_Surveillance\coding\src\server\RelayServer\QTFileLib\QTTrack.h|D:\RelayServer\my_Surveillance\coding\src\server\RelayServer\QTFileLib\Restore.1\~QTTrack.~h
D:\RelayServer\my_Surveillance\coding\src\server\RelayServer\QTFileLib\QTAtom_stss.cpp|D:\RelayServer\my_Surveillance\coding\src\server\RelayServer\QTFileLib\Restore.1\~QTAtom_stss.~cpp
D:\RelayServer\my_Surveillance\coding\src\server\RelayServer\CommonUtilitiesLib\OSHeaders.h|D:\RelayServer\my_Surveillance\coding\src\server\RelayServer\CommonUtilitiesLib\Restore.1\~OSHeaders.~h
D:\RelayServer\my_Surveillance\coding\src\server\RelayServer\QTFileLib\QTAtom_tref.h|D:\RelayServer\my_Surveillance\coding\src\server\RelayServer\QTFileLib\Restore.1\~QTAtom_tref.~h
D:\RelayServer\my_Surveillance\coding\src\server\RelayServer\QTFileLib\QTAtom_stsc.cpp|D:\RelayServer\my_Surveillance\coding\src\server\RelayServer\QTFileLib\Restore.1\~QTAtom_stsc.~cpp
D:\RelayServer\my_Surveillance\coding\src\server\RelayServer\QTFileLib\QTAtom_stts.h|D:\RelayServer\my_Surveillance\coding\src\server\RelayServer\QTFileLib\Restore.1\~QTAtom_stts.~h
D:\RelayServer\my_Surveillance\coding\src\server\RelayServer\RTPMetaInfoLib\RTPMetaInfoPacket.cpp|D:\RelayServer\my_Surveillance\coding\src\server\RelayServer\RTPMetaInfoLib\Restore.1\~RTPMetaInfoPacket.~cpp
D:\RelayServer\my_Surveillance\coding\src\server\RelayServer\QTFileLib\QTAtom_stsd.cpp|D:\RelayServer\my_Surveillance\coding\src\server\RelayServer\QTFileLib\Restore.1\~QTAtom_stsd.~cpp
D:\RelayServer\my_Surveillance\coding\src\server\RelayServer\QTFileLib\QTAtom_hinf.cpp|D:\RelayServer\my_Surveillance\coding\src\server\RelayServer\QTFileLib\Restore.1\~QTAtom_hinf.~cpp
D:\RelayServer\my_Surveillance\coding\src\server\RelayServer\QTFileLib\QTAtom_stss.h|D:\RelayServer\my_Surveillance\coding\src\server\RelayServer\QTFileLib\Restore.1\~QTAtom_stss.~h
D:\RelayServer\my_Surveillance\coding\src\server\RelayServer\QTFileLib\QTAtom_stsc.h|D:\RelayServer\my_Surveillance\coding\src\server\RelayServer\QTFileLib\Restore.1\~QTAtom_stsc.~h
D:\RelayServer\my_Surveillance\coding\src\server\RelayServer\RTPMetaInfoLib\RTPMetaInfoPacket.h|D:\RelayServer\my_Surveillance\coding\src\server\RelayServer\RTPMetaInfoLib\Restore.1\~RTPMetaInfoPacket.~h
D:\RelayServer\my_Surveillance\coding\src\server\RelayServer\CommonUtilitiesLib\StringParser.h|D:\RelayServer\my_Surveillance\coding\src\server\RelayServer\CommonUtilitiesLib\Restore.1\~StringParser.~h
D:\RelayServer\my_Surveillance\coding\src\server\RelayServer\CommonUtilitiesLib\OSMemory.h|D:\RelayServer\my_Surveillance\coding\src\server\RelayServer\CommonUtilitiesLib\Restore.1\~OSMemory.~h
D:\RelayServer\my_Surveillance\coding\src\server\RelayServer\QTFileLib\QTAtom_stsd.h|D:\RelayServer\my_Surveillance\coding\src\server\RelayServer\QTFileLib\Restore.1\~QTAtom_stsd.~h
D:\RelayServer\my_Surveillance\coding\src\server\RelayServer\QTFileLib\QTAtom_tref.cpp|D:\RelayServer\my_Surveillance\coding\src\server\RelayServer\QTFileLib\Restore.1\~QTAtom_tref.~cpp
D:\RelayServer\my_Surveillance\coding\src\server\RelayServer\QTFileLib\QTAtom_mdhd.h|D:\RelayServer\my_Surveillance\coding\src\server\RelayServer\QTFileLib\Restore.1\~QTAtom_mdhd.~h
D:\RelayServer\my_Surveillance\coding\src\server\RelayServer\QTFileLib\QTAtom_tkhd.h|D:\RelayServer\my_Surveillance\coding\src\server\RelayServer\QTFileLib\Restore.1\~QTAtom_tkhd.~h
D:\RelayServer\my_Surveillance\coding\src\server\RelayServer\QTFileLib\QTFile.h|D:\RelayServer\my_Surveillance\coding\src\server\RelayServer\QTFileLib\Restore.1\~QTFile.~h
D:\RelayServer\my_Surveillance\coding\src\server\RelayServer\QTFileLib\QTAtom_mvhd.h|D:\RelayServer\my_Surveillance\coding\src\server\RelayServer\QTFileLib\Restore.1\~QTAtom_mvhd.~h
D:\RelayServer\my_Surveillance\coding\src\server\RelayServer\QTFileLib\QTFile_FileControlBlock.h|D:\RelayServer\my_Surveillance\coding\src\server\RelayServer\QTFileLib\Restore.1\~QTFile_FileControlBlock.~h
D:\RelayServer\my_Surveillance\coding\src\server\RelayServer\QTFileLib\QTAtom_stsz.cpp|D:\RelayServer\my_Surveillance\coding\src\server\RelayServer\QTFileLib\Restore.1\~QTAtom_stsz.~cpp
D:\RelayServer\my_Surveillance\coding\src\server\RelayServer\CommonUtilitiesLib\MyAssert.h|D:\RelayServer\my_Surveillance\coding\src\server\RelayServer\CommonUtilitiesLib\Restore.1\~MyAssert.~h
D:\RelayServer\my_Surveillance\coding\src\server\RelayServer\QTFileLib\QTFile_FileControlBlock.cpp|D:\RelayServer\my_Surveillance\coding\src\server\RelayServer\QTFileLib\Restore.1\~QTFile_FileControlBlock.~cpp
D:\RelayServer\my_Surveillance\coding\src\server\RelayServer\QTFileLib\QTAtom.h|D:\RelayServer\my_Surveillance\coding\src\server\RelayServer\QTFileLib\Restore.1\~QTAtom.~h
D:\RelayServer\my_Surveillance\coding\src\server\RelayServer\QTFileLib\QTAtom_elst.h|D:\RelayServer\my_Surveillance\coding\src\server\RelayServer\QTFileLib\Restore.1\~QTAtom_elst.~h
D:\RelayServer\my_Surveillance\coding\src\server\RelayServer\QTFileLib\QTAtom_stsz.h|D:\RelayServer\my_Surveillance\coding\src\server\RelayServer\QTFileLib\Restore.1\~QTAtom_stsz.~h
D:\RelayServer\my_Surveillance\coding\src\server\RelayServer\QTFileLib\QTTrack.cpp|D:\RelayServer\my_Surveillance\coding\src\server\RelayServer\QTFileLib\Restore.1\~QTTrack.~cpp
D:\RelayServer\my_Surveillance\coding\src\server\RelayServer\QTFileLib\QTRTPFile.cpp|D:\RelayServer\my_Surveillance\coding\src\server\RelayServer\QTFileLib\Restore.1\~QTRTPFile.~cpp
D:\RelayServer\my_Surveillance\coding\src\server\RelayServer\QTFileLib\QTAtom_dref.cpp|D:\RelayServer\my_Surveillance\coding\src\server\RelayServer\QTFileLib\Restore.1\~QTAtom_dref.~cpp
D:\RelayServer\my_Surveillance\coding\src\server\RelayServer\CommonUtilitiesLib\OSMutex.h|D:\RelayServer\my_Surveillance\coding\src\server\RelayServer\CommonUtilitiesLib\Restore.1\~OSMutex.~h
