D:\RelayServer\my_Surveillance\coding\src\server\RelayServer\APIModules\QTSSMP3StreamingModule\QTSSMP3StreamingModule.cpp|D:\RelayServer\my_Surveillance\coding\src\server\RelayServer\APIModules\QTSSMP3StreamingModule\Restore.1\~QTSSMP3StreamingModule.~cpp
D:\RelayServer\my_Surveillance\coding\src\server\RelayServer\PrefsSourceLib\FilePrefsSource.cpp|D:\RelayServer\my_Surveillance\coding\src\server\RelayServer\PrefsSourceLib\Restore.1\~FilePrefsSource.~cpp
D:\RelayServer\my_Surveillance\coding\src\server\RelayServer\defaultPaths.cpp|D:\RelayServer\my_Surveillance\coding\src\server\RelayServer\Restore.1\~defaultPaths.~cpp
D:\RelayServer\my_Surveillance\coding\src\server\RelayServer\Server.tproj\GenerateXMLPrefs.cpp|D:\RelayServer\my_Surveillance\coding\src\server\RelayServer\Server.tproj\Restore.1\~GenerateXMLPrefs.~cpp
D:\RelayServer\my_Surveillance\coding\src\server\RelayServer\APIModules\QTSSFileModule\QTSSFileModule.cpp|D:\RelayServer\my_Surveillance\coding\src\server\RelayServer\APIModules\QTSSFileModule\Restore.1\~QTSSFileModule.~cpp
D:\RelayServer\my_Surveillance\coding\src\server\RelayServer\Server.tproj\QTSServer.cpp|D:\RelayServer\my_Surveillance\coding\src\server\RelayServer\Server.tproj\Restore.1\~QTSServer.~cpp
D:\RelayServer\my_Surveillance\coding\src\server\RelayServer\APIModules\QTSSReflectorModule\QTSSRelayModule.cpp|D:\RelayServer\my_Surveillance\coding\src\server\RelayServer\APIModules\QTSSReflectorModule\Restore.1\~QTSSRelayModule.~cpp
D:\RelayServer\my_Surveillance\coding\src\server\RelayServer\Server.tproj\QTSSErrorLogModule.cpp|D:\RelayServer\my_Surveillance\coding\src\server\RelayServer\Server.tproj\Restore.1\~QTSSErrorLogModule.~cpp
D:\RelayServer\my_Surveillance\coding\src\server\RelayServer\APIModules\QTSSAccessLogModule\QTSSAccessLogModule.cpp|D:\RelayServer\my_Surveillance\coding\src\server\RelayServer\APIModules\QTSSAccessLogModule\Restore.1\~QTSSAccessLogModule.~cpp
D:\RelayServer\my_Surveillance\coding\src\server\RelayServer\Server.tproj\RTPPacketResender.cpp|D:\RelayServer\my_Surveillance\coding\src\server\RelayServer\Server.tproj\Restore.1\~RTPPacketResender.~cpp
