D:\RelayServer\my_Surveillance\coding\src\server\RelayServer\PlaylistBroadcaster.tproj\PlaylistPicker.cpp|D:\RelayServer\my_Surveillance\coding\src\server\RelayServer\PlaylistBroadcaster.tproj\Restore.1\~PlaylistPicker.~cpp
D:\RelayServer\my_Surveillance\coding\src\server\RelayServer\PlaylistBroadcaster.tproj\NoRepeat.cpp|D:\RelayServer\my_Surveillance\coding\src\server\RelayServer\PlaylistBroadcaster.tproj\Restore.1\~NoRepeat.~cpp
D:\RelayServer\my_Surveillance\coding\src\server\RelayServer\PlaylistBroadcaster.tproj\NoRepeat.h|D:\RelayServer\my_Surveillance\coding\src\server\RelayServer\PlaylistBroadcaster.tproj\Restore.1\~NoRepeat.~h
D:\RelayServer\my_Surveillance\coding\src\server\RelayServer\PlaylistBroadcaster.tproj\playlist_array.h|D:\RelayServer\my_Surveillance\coding\src\server\RelayServer\PlaylistBroadcaster.tproj\Restore.1\~playlist_array.~h
D:\RelayServer\my_Surveillance\coding\src\server\RelayServer\PlaylistBroadcaster.tproj\playlist_SDPGen.h|D:\RelayServer\my_Surveillance\coding\src\server\RelayServer\PlaylistBroadcaster.tproj\Restore.1\~playlist_SDPGen.~h
D:\RelayServer\my_Surveillance\coding\src\server\RelayServer\QTFileLib\QTAtom_hinf.h|D:\RelayServer\my_Surveillance\coding\src\server\RelayServer\QTFileLib\Restore.1\~QTAtom_hinf.~h
D:\RelayServer\my_Surveillance\coding\src\server\RelayServer\QTFileLib\QTHintTrack.h|D:\RelayServer\my_Surveillance\coding\src\server\RelayServer\QTFileLib\Restore.1\~QTHintTrack.~h
D:\RelayServer\my_Surveillance\coding\src\server\RelayServer\CommonUtilitiesLib\QueryParamList.h|D:\RelayServer\my_Surveillance\coding\src\server\RelayServer\CommonUtilitiesLib\Restore.1\~QueryParamList.~h
D:\RelayServer\my_Surveillance\coding\src\server\RelayServer\PlaylistBroadcaster.tproj\SimplePlayListElement.h|D:\RelayServer\my_Surveillance\coding\src\server\RelayServer\PlaylistBroadcaster.tproj\Restore.1\~SimplePlayListElement.~h
D:\RelayServer\my_Surveillance\coding\src\server\RelayServer\CommonUtilitiesLib\ResizeableStringFormatter.cpp|D:\RelayServer\my_Surveillance\coding\src\server\RelayServer\CommonUtilitiesLib\Restore.1\~ResizeableStringFormatter.~cpp
D:\RelayServer\my_Surveillance\coding\src\server\RelayServer\PlaylistBroadcaster.tproj\playlist_lists.cpp|D:\RelayServer\my_Surveillance\coding\src\server\RelayServer\PlaylistBroadcaster.tproj\Restore.1\~playlist_lists.~cpp
D:\RelayServer\my_Surveillance\coding\src\server\RelayServer\CommonUtilitiesLib\DateTranslator.h|D:\RelayServer\my_Surveillance\coding\src\server\RelayServer\CommonUtilitiesLib\Restore.1\~DateTranslator.~h
D:\RelayServer\my_Surveillance\coding\src\server\RelayServer\CommonUtilitiesLib\EventContext.h|D:\RelayServer\my_Surveillance\coding\src\server\RelayServer\CommonUtilitiesLib\Restore.1\~EventContext.~h
D:\RelayServer\my_Surveillance\coding\src\server\RelayServer\CommonUtilitiesLib\OSCond.h|D:\RelayServer\my_Surveillance\coding\src\server\RelayServer\CommonUtilitiesLib\Restore.1\~OSCond.~h
D:\RelayServer\my_Surveillance\coding\src\server\RelayServer\CommonUtilitiesLib\OSRef.h|D:\RelayServer\my_Surveillance\coding\src\server\RelayServer\CommonUtilitiesLib\Restore.1\~OSRef.~h
D:\RelayServer\my_Surveillance\coding\src\server\RelayServer\CommonUtilitiesLib\OSThread.h|D:\RelayServer\my_Surveillance\coding\src\server\RelayServer\CommonUtilitiesLib\Restore.1\~OSThread.~h
D:\RelayServer\my_Surveillance\coding\src\server\RelayServer\APIStubLib\QTSSRTSPProtocol.h|D:\RelayServer\my_Surveillance\coding\src\server\RelayServer\APIStubLib\Restore.1\~QTSSRTSPProtocol.~h
D:\RelayServer\my_Surveillance\coding\src\server\RelayServer\CommonUtilitiesLib\StringTranslator.h|D:\RelayServer\my_Surveillance\coding\src\server\RelayServer\CommonUtilitiesLib\Restore.1\~StringTranslator.~h
D:\RelayServer\my_Surveillance\coding\src\server\RelayServer\CommonUtilitiesLib\TCPListenerSocket.h|D:\RelayServer\my_Surveillance\coding\src\server\RelayServer\CommonUtilitiesLib\Restore.1\~TCPListenerSocket.~h
D:\RelayServer\my_Surveillance\coding\src\server\RelayServer\PlaylistBroadcaster.tproj\playlist_SimpleParse.cpp|D:\RelayServer\my_Surveillance\coding\src\server\RelayServer\PlaylistBroadcaster.tproj\Restore.1\~playlist_SimpleParse.~cpp
D:\RelayServer\my_Surveillance\coding\src\server\RelayServer\PlaylistBroadcaster.tproj\BroadcastLog.h|D:\RelayServer\my_Surveillance\coding\src\server\RelayServer\PlaylistBroadcaster.tproj\Restore.1\~BroadcastLog.~h
D:\RelayServer\my_Surveillance\coding\src\server\RelayServer\CommonUtilitiesLib\OSHashTable.h|D:\RelayServer\my_Surveillance\coding\src\server\RelayServer\CommonUtilitiesLib\Restore.1\~OSHashTable.~h
D:\RelayServer\my_Surveillance\coding\src\server\RelayServer\CommonUtilitiesLib\OSMutexRW.h|D:\RelayServer\my_Surveillance\coding\src\server\RelayServer\CommonUtilitiesLib\Restore.1\~OSMutexRW.~h
D:\RelayServer\my_Surveillance\coding\src\server\RelayServer\PlaylistBroadcaster.tproj\playlist_SimpleParse.h|D:\RelayServer\my_Surveillance\coding\src\server\RelayServer\PlaylistBroadcaster.tproj\Restore.1\~playlist_SimpleParse.~h
D:\RelayServer\my_Surveillance\coding\src\server\RelayServer\CommonUtilitiesLib\StrPtrLen.h|D:\RelayServer\my_Surveillance\coding\src\server\RelayServer\CommonUtilitiesLib\Restore.1\~StrPtrLen.~h
D:\RelayServer\my_Surveillance\coding\src\server\RelayServer\CommonUtilitiesLib\Task.h|D:\RelayServer\my_Surveillance\coding\src\server\RelayServer\CommonUtilitiesLib\Restore.1\~Task.~h
D:\RelayServer\my_Surveillance\coding\src\server\RelayServer\PlaylistBroadcaster.tproj\PLBroadcastDef.cpp|D:\RelayServer\my_Surveillance\coding\src\server\RelayServer\PlaylistBroadcaster.tproj\Restore.1\~PLBroadcastDef.~cpp
D:\RelayServer\my_Surveillance\coding\src\server\RelayServer\OSMemoryLib\OSMemory.cpp|D:\RelayServer\my_Surveillance\coding\src\server\RelayServer\OSMemoryLib\Restore.1\~OSMemory.~cpp
D:\RelayServer\my_Surveillance\coding\src\server\RelayServer\RTSPClientLib\ClientSocket.cpp|D:\RelayServer\my_Surveillance\coding\src\server\RelayServer\RTSPClientLib\Restore.1\~ClientSocket.~cpp
D:\RelayServer\my_Surveillance\coding\src\server\RelayServer\PlaylistBroadcaster.tproj\BroadcasterSession.h|D:\RelayServer\my_Surveillance\coding\src\server\RelayServer\PlaylistBroadcaster.tproj\Restore.1\~BroadcasterSession.~h
D:\RelayServer\my_Surveillance\coding\src\server\RelayServer\CommonUtilitiesLib\OS.h|D:\RelayServer\my_Surveillance\coding\src\server\RelayServer\CommonUtilitiesLib\Restore.1\~OS.~h
D:\RelayServer\my_Surveillance\coding\src\server\RelayServer\CommonUtilitiesLib\OSBufferPool.h|D:\RelayServer\my_Surveillance\coding\src\server\RelayServer\CommonUtilitiesLib\Restore.1\~OSBufferPool.~h
D:\RelayServer\my_Surveillance\coding\src\server\RelayServer\CommonUtilitiesLib\OSQueue.h|D:\RelayServer\my_Surveillance\coding\src\server\RelayServer\CommonUtilitiesLib\Restore.1\~OSQueue.~h
D:\RelayServer\my_Surveillance\coding\src\server\RelayServer\PlaylistBroadcaster.tproj\PickerFromFile.h|D:\RelayServer\my_Surveillance\coding\src\server\RelayServer\PlaylistBroadcaster.tproj\Restore.1\~PickerFromFile.~h
D:\RelayServer\my_Surveillance\coding\src\server\RelayServer\PlaylistBroadcaster.tproj\playlist_utils.h|D:\RelayServer\my_Surveillance\coding\src\server\RelayServer\PlaylistBroadcaster.tproj\Restore.1\~playlist_utils.~h
D:\RelayServer\my_Surveillance\coding\src\server\RelayServer\QTFileLib\QTAtom_stco.h|D:\RelayServer\my_Surveillance\coding\src\server\RelayServer\QTFileLib\Restore.1\~QTAtom_stco.~h
D:\RelayServer\my_Surveillance\coding\src\server\RelayServer\CommonUtilitiesLib\SocketUtils.h|D:\RelayServer\my_Surveillance\coding\src\server\RelayServer\CommonUtilitiesLib\Restore.1\~SocketUtils.~h
D:\RelayServer\my_Surveillance\coding\src\server\RelayServer\PlaylistBroadcaster.tproj\playlist_utils.cpp|D:\RelayServer\my_Surveillance\coding\src\server\RelayServer\PlaylistBroadcaster.tproj\Restore.1\~playlist_utils.~cpp
D:\RelayServer\my_Surveillance\coding\src\server\RelayServer\RTSPClientLib\ClientSocket.h|D:\RelayServer\my_Surveillance\coding\src\server\RelayServer\RTSPClientLib\Restore.1\~ClientSocket.~h
D:\RelayServer\my_Surveillance\coding\src\server\RelayServer\CommonUtilitiesLib\OSFileSource.h|D:\RelayServer\my_Surveillance\coding\src\server\RelayServer\CommonUtilitiesLib\Restore.1\~OSFileSource.~h
D:\RelayServer\my_Surveillance\coding\src\server\RelayServer\PlaylistBroadcaster.tproj\PlaylistPicker.h|D:\RelayServer\my_Surveillance\coding\src\server\RelayServer\PlaylistBroadcaster.tproj\Restore.1\~PlaylistPicker.~h
D:\RelayServer\my_Surveillance\coding\src\server\RelayServer\CommonUtilitiesLib\TCPSocket.h|D:\RelayServer\my_Surveillance\coding\src\server\RelayServer\CommonUtilitiesLib\Restore.1\~TCPSocket.~h
D:\RelayServer\my_Surveillance\coding\src\server\RelayServer\CommonUtilitiesLib\UDPSocket.h|D:\RelayServer\my_Surveillance\coding\src\server\RelayServer\CommonUtilitiesLib\Restore.1\~UDPSocket.~h
D:\RelayServer\my_Surveillance\coding\src\server\RelayServer\CommonUtilitiesLib\UserAgentParser.h|D:\RelayServer\my_Surveillance\coding\src\server\RelayServer\CommonUtilitiesLib\Restore.1\~UserAgentParser.~h
D:\RelayServer\my_Surveillance\coding\src\server\RelayServer\PlaylistBroadcaster.tproj\playlist_QTRTPBroadcastFile.cpp|D:\RelayServer\my_Surveillance\coding\src\server\RelayServer\PlaylistBroadcaster.tproj\Restore.1\~playlist_QTRTPBroadcastFile.~cpp
D:\RelayServer\my_Surveillance\coding\src\server\RelayServer\CommonUtilitiesLib\OSCodeFragment.h|D:\RelayServer\my_Surveillance\coding\src\server\RelayServer\CommonUtilitiesLib\Restore.1\~OSCodeFragment.~h
D:\RelayServer\my_Surveillance\coding\src\server\RelayServer\QTFileLib\QTAtom_dref.h|D:\RelayServer\my_Surveillance\coding\src\server\RelayServer\QTFileLib\Restore.1\~QTAtom_dref.~h
D:\RelayServer\my_Surveillance\coding\src\server\RelayServer\QTFileLib\QTRTPFile.h|D:\RelayServer\my_Surveillance\coding\src\server\RelayServer\QTFileLib\Restore.1\~QTRTPFile.~h
D:\RelayServer\my_Surveillance\coding\src\server\RelayServer\QTFileLib\QTTrack.h|D:\RelayServer\my_Surveillance\coding\src\server\RelayServer\QTFileLib\Restore.1\~QTTrack.~h
D:\RelayServer\my_Surveillance\coding\src\server\RelayServer\CommonUtilitiesLib\ResizeableStringFormatter.h|D:\RelayServer\my_Surveillance\coding\src\server\RelayServer\CommonUtilitiesLib\Restore.1\~ResizeableStringFormatter.~h
D:\RelayServer\my_Surveillance\coding\src\server\RelayServer\CommonUtilitiesLib\UDPSocketPool.h|D:\RelayServer\my_Surveillance\coding\src\server\RelayServer\CommonUtilitiesLib\Restore.1\~UDPSocketPool.~h
D:\RelayServer\my_Surveillance\coding\src\server\RelayServer\PlaylistBroadcaster.tproj\BroadcasterSession.cpp|D:\RelayServer\my_Surveillance\coding\src\server\RelayServer\PlaylistBroadcaster.tproj\Restore.1\~BroadcasterSession.~cpp
D:\RelayServer\my_Surveillance\coding\src\server\RelayServer\CommonUtilitiesLib\OSArrayObjectDeleter.h|D:\RelayServer\my_Surveillance\coding\src\server\RelayServer\CommonUtilitiesLib\Restore.1\~OSArrayObjectDeleter.~h
D:\RelayServer\my_Surveillance\coding\src\server\RelayServer\CommonUtilitiesLib\OSHeaders.h|D:\RelayServer\my_Surveillance\coding\src\server\RelayServer\CommonUtilitiesLib\Restore.1\~OSHeaders.~h
D:\RelayServer\my_Surveillance\coding\src\server\RelayServer\PlaylistBroadcaster.tproj\PLBroadcastDef.h|D:\RelayServer\my_Surveillance\coding\src\server\RelayServer\PlaylistBroadcaster.tproj\Restore.1\~PLBroadcastDef.~h
D:\RelayServer\my_Surveillance\coding\src\server\RelayServer\QTFileLib\QTAtom_tref.h|D:\RelayServer\my_Surveillance\coding\src\server\RelayServer\QTFileLib\Restore.1\~QTAtom_tref.~h
D:\RelayServer\my_Surveillance\coding\src\server\RelayServer\APICommonCode\SDPSourceInfo.h|D:\RelayServer\my_Surveillance\coding\src\server\RelayServer\APICommonCode\Restore.1\~SDPSourceInfo.~h
D:\RelayServer\my_Surveillance\coding\src\server\RelayServer\PlaylistBroadcaster.tproj\playlist_elements.cpp|D:\RelayServer\my_Surveillance\coding\src\server\RelayServer\PlaylistBroadcaster.tproj\Restore.1\~playlist_elements.~cpp
D:\RelayServer\my_Surveillance\coding\src\server\RelayServer\CommonUtilitiesLib\IdleTask.h|D:\RelayServer\my_Surveillance\coding\src\server\RelayServer\CommonUtilitiesLib\Restore.1\~IdleTask.~h
D:\RelayServer\my_Surveillance\coding\src\server\RelayServer\PlaylistBroadcaster.tproj\playlist_elements.h|D:\RelayServer\my_Surveillance\coding\src\server\RelayServer\PlaylistBroadcaster.tproj\Restore.1\~playlist_elements.~h
D:\RelayServer\my_Surveillance\coding\src\server\RelayServer\QTFileLib\QTAtom_stts.h|D:\RelayServer\my_Surveillance\coding\src\server\RelayServer\QTFileLib\Restore.1\~QTAtom_stts.~h
D:\RelayServer\my_Surveillance\coding\src\server\RelayServer\RTSPClientLib\RTSPClient.h|D:\RelayServer\my_Surveillance\coding\src\server\RelayServer\RTSPClientLib\Restore.1\~RTSPClient.~h
D:\RelayServer\my_Surveillance\coding\src\server\RelayServer\PlaylistBroadcaster.tproj\playlist_QTRTPBroadcastFile.h|D:\RelayServer\my_Surveillance\coding\src\server\RelayServer\PlaylistBroadcaster.tproj\Restore.1\~playlist_QTRTPBroadcastFile.~h
D:\RelayServer\my_Surveillance\coding\src\server\RelayServer\CommonUtilitiesLib\PLDoubleLinkedList.h|D:\RelayServer\my_Surveillance\coding\src\server\RelayServer\CommonUtilitiesLib\Restore.1\~PLDoubleLinkedList.~h
D:\RelayServer\my_Surveillance\coding\src\server\RelayServer\QTFileLib\QTAtom_stss.h|D:\RelayServer\my_Surveillance\coding\src\server\RelayServer\QTFileLib\Restore.1\~QTAtom_stss.~h
D:\RelayServer\my_Surveillance\coding\src\server\RelayServer\CommonUtilitiesLib\atomic.h|D:\RelayServer\my_Surveillance\coding\src\server\RelayServer\CommonUtilitiesLib\Restore.1\~atomic.~h
D:\RelayServer\my_Surveillance\coding\src\server\RelayServer\QTFileLib\QTAtom_stsc.h|D:\RelayServer\my_Surveillance\coding\src\server\RelayServer\QTFileLib\Restore.1\~QTAtom_stsc.~h
D:\RelayServer\my_Surveillance\coding\src\server\RelayServer\RTPMetaInfoLib\RTPMetaInfoPacket.h|D:\RelayServer\my_Surveillance\coding\src\server\RelayServer\RTPMetaInfoLib\Restore.1\~RTPMetaInfoPacket.~h
D:\RelayServer\my_Surveillance\coding\src\server\RelayServer\CommonUtilitiesLib\StringParser.h|D:\RelayServer\my_Surveillance\coding\src\server\RelayServer\CommonUtilitiesLib\Restore.1\~StringParser.~h
D:\RelayServer\my_Surveillance\coding\src\server\RelayServer\PlaylistBroadcaster.tproj\playlist_SDPGen.cpp|D:\RelayServer\my_Surveillance\coding\src\server\RelayServer\PlaylistBroadcaster.tproj\Restore.1\~playlist_SDPGen.~cpp
D:\RelayServer\my_Surveillance\coding\src\server\RelayServer\CommonUtilitiesLib\OSMemory.h|D:\RelayServer\my_Surveillance\coding\src\server\RelayServer\CommonUtilitiesLib\Restore.1\~OSMemory.~h
D:\RelayServer\my_Surveillance\coding\src\server\RelayServer\PlaylistBroadcaster.tproj\playlist_lists.h|D:\RelayServer\my_Surveillance\coding\src\server\RelayServer\PlaylistBroadcaster.tproj\Restore.1\~playlist_lists.~h
D:\RelayServer\my_Surveillance\coding\src\server\RelayServer\QTFileLib\QTAtom_stsd.h|D:\RelayServer\my_Surveillance\coding\src\server\RelayServer\QTFileLib\Restore.1\~QTAtom_stsd.~h
D:\RelayServer\my_Surveillance\coding\src\server\RelayServer\APIStubLib\QTSS.h|D:\RelayServer\my_Surveillance\coding\src\server\RelayServer\APIStubLib\Restore.1\~QTSS.~h
D:\RelayServer\my_Surveillance\coding\src\server\RelayServer\CommonUtilitiesLib\Socket.h|D:\RelayServer\my_Surveillance\coding\src\server\RelayServer\CommonUtilitiesLib\Restore.1\~Socket.~h
D:\RelayServer\my_Surveillance\coding\src\server\RelayServer\CommonUtilitiesLib\OSHeap.h|D:\RelayServer\my_Surveillance\coding\src\server\RelayServer\CommonUtilitiesLib\Restore.1\~OSHeap.~h
D:\RelayServer\my_Surveillance\coding\src\server\RelayServer\QTFileLib\QTAtom_mdhd.h|D:\RelayServer\my_Surveillance\coding\src\server\RelayServer\QTFileLib\Restore.1\~QTAtom_mdhd.~h
D:\RelayServer\my_Surveillance\coding\src\server\RelayServer\QTFileLib\QTAtom_tkhd.h|D:\RelayServer\my_Surveillance\coding\src\server\RelayServer\QTFileLib\Restore.1\~QTAtom_tkhd.~h
D:\RelayServer\my_Surveillance\coding\src\server\RelayServer\QTFileLib\QTFile.h|D:\RelayServer\my_Surveillance\coding\src\server\RelayServer\QTFileLib\Restore.1\~QTFile.~h
D:\RelayServer\my_Surveillance\coding\src\server\RelayServer\PlaylistBroadcaster.tproj\BroadcastLog.cpp|D:\RelayServer\my_Surveillance\coding\src\server\RelayServer\PlaylistBroadcaster.tproj\Restore.1\~BroadcastLog.~cpp
D:\RelayServer\my_Surveillance\coding\src\server\RelayServer\QTFileLib\QTAtom_mvhd.h|D:\RelayServer\my_Surveillance\coding\src\server\RelayServer\QTFileLib\Restore.1\~QTAtom_mvhd.~h
D:\RelayServer\my_Surveillance\coding\src\server\RelayServer\QTFileLib\QTFile_FileControlBlock.h|D:\RelayServer\my_Surveillance\coding\src\server\RelayServer\QTFileLib\Restore.1\~QTFile_FileControlBlock.~h
D:\RelayServer\my_Surveillance\coding\src\server\RelayServer\CommonUtilitiesLib\StringFormatter.h|D:\RelayServer\my_Surveillance\coding\src\server\RelayServer\CommonUtilitiesLib\Restore.1\~StringFormatter.~h
D:\RelayServer\my_Surveillance\coding\src\server\RelayServer\PlaylistBroadcaster.tproj\playlist_parsers.cpp|D:\RelayServer\my_Surveillance\coding\src\server\RelayServer\PlaylistBroadcaster.tproj\Restore.1\~playlist_parsers.~cpp
D:\RelayServer\my_Surveillance\coding\src\server\RelayServer\PlaylistBroadcaster.tproj\playlist_broadcaster.cpp|D:\RelayServer\my_Surveillance\coding\src\server\RelayServer\PlaylistBroadcaster.tproj\Restore.1\~playlist_broadcaster.~cpp
D:\RelayServer\my_Surveillance\coding\src\server\RelayServer\CommonUtilitiesLib\md5.h|D:\RelayServer\my_Surveillance\coding\src\server\RelayServer\CommonUtilitiesLib\Restore.1\~md5.~h
D:\RelayServer\my_Surveillance\coding\src\server\RelayServer\CommonUtilitiesLib\SDPUtils.h|D:\RelayServer\my_Surveillance\coding\src\server\RelayServer\CommonUtilitiesLib\Restore.1\~SDPUtils.~h
D:\RelayServer\my_Surveillance\coding\src\server\RelayServer\CommonUtilitiesLib\TimeoutTask.h|D:\RelayServer\my_Surveillance\coding\src\server\RelayServer\CommonUtilitiesLib\Restore.1\~TimeoutTask.~h
D:\RelayServer\my_Surveillance\coding\src\server\RelayServer\CommonUtilitiesLib\MyAssert.h|D:\RelayServer\my_Surveillance\coding\src\server\RelayServer\CommonUtilitiesLib\Restore.1\~MyAssert.~h
D:\RelayServer\my_Surveillance\coding\src\server\RelayServer\CommonUtilitiesLib\UDPDemuxer.h|D:\RelayServer\my_Surveillance\coding\src\server\RelayServer\CommonUtilitiesLib\Restore.1\~UDPDemuxer.~h
D:\RelayServer\my_Surveillance\coding\src\server\RelayServer\PlaylistBroadcaster.tproj\playlist_broadcaster.h|D:\RelayServer\my_Surveillance\coding\src\server\RelayServer\PlaylistBroadcaster.tproj\Restore.1\~playlist_broadcaster.~h
D:\RelayServer\my_Surveillance\coding\src\server\RelayServer\QTFileLib\QTAtom.h|D:\RelayServer\my_Surveillance\coding\src\server\RelayServer\QTFileLib\Restore.1\~QTAtom.~h
D:\RelayServer\my_Surveillance\coding\src\server\RelayServer\QTFileLib\QTAtom_elst.h|D:\RelayServer\my_Surveillance\coding\src\server\RelayServer\QTFileLib\Restore.1\~QTAtom_elst.~h
D:\RelayServer\my_Surveillance\coding\src\server\RelayServer\QTFileLib\QTAtom_stsz.h|D:\RelayServer\my_Surveillance\coding\src\server\RelayServer\QTFileLib\Restore.1\~QTAtom_stsz.~h
D:\RelayServer\my_Surveillance\coding\src\server\RelayServer\APICommonCode\QTSSRollingLog.h|D:\RelayServer\my_Surveillance\coding\src\server\RelayServer\APICommonCode\Restore.1\~QTSSRollingLog.~h
D:\RelayServer\my_Surveillance\coding\src\server\RelayServer\RTSPClientLib\RTSPClient.cpp|D:\RelayServer\my_Surveillance\coding\src\server\RelayServer\RTSPClientLib\Restore.1\~RTSPClient.~cpp
D:\RelayServer\my_Surveillance\coding\src\server\RelayServer\CommonUtilitiesLib\QueryParamList.cpp|D:\RelayServer\my_Surveillance\coding\src\server\RelayServer\CommonUtilitiesLib\Restore.1\~QueryParamList.~cpp
D:\RelayServer\my_Surveillance\coding\src\server\RelayServer\CommonUtilitiesLib\ev.h|D:\RelayServer\my_Surveillance\coding\src\server\RelayServer\CommonUtilitiesLib\Restore.1\~ev.~h
D:\RelayServer\my_Surveillance\coding\src\server\RelayServer\CommonUtilitiesLib\OSMutex.h|D:\RelayServer\my_Surveillance\coding\src\server\RelayServer\CommonUtilitiesLib\Restore.1\~OSMutex.~h
D:\RelayServer\my_Surveillance\coding\src\server\RelayServer\PlaylistBroadcaster.tproj\playlist_parsers.h|D:\RelayServer\my_Surveillance\coding\src\server\RelayServer\PlaylistBroadcaster.tproj\Restore.1\~playlist_parsers.~h
D:\RelayServer\my_Surveillance\coding\src\server\RelayServer\APICommonCode\SourceInfo.h|D:\RelayServer\my_Surveillance\coding\src\server\RelayServer\APICommonCode\Restore.1\~SourceInfo.~h
